Archive member included to satisfy reference by file (symbol)

/usr/share/gcc-arm-none-eabi-10.3-2021.10/bin/../lib/gcc/arm-none-eabi/10.3.1/../../../../arm-none-eabi/lib/thumb/v7e-m+fp/hard/libc.a(lib_a-memcpy.o)
                              tmp/obj/crt0_init_ram.o (memcpy)
/usr/share/gcc-arm-none-eabi-10.3-2021.10/bin/../lib/gcc/arm-none-eabi/10.3.1/../../../../arm-none-eabi/lib/thumb/v7e-m+fp/hard/libc.a(lib_a-memset.o)
                              tmp/obj/crt0_init_ram.o (memset)
/usr/share/gcc-arm-none-eabi-10.3-2021.10/bin/../lib/gcc/arm-none-eabi/10.3.1/thumb/v7e-m+fp/hard/libgcc.a(_aeabi_uldivmod.o)
                              tmp/obj/mcal_gpt.o (__aeabi_uldivmod)
/usr/share/gcc-arm-none-eabi-10.3-2021.10/bin/../lib/gcc/arm-none-eabi/10.3.1/thumb/v7e-m+fp/hard/libgcc.a(_udivmoddi4.o)
                              /usr/share/gcc-arm-none-eabi-10.3-2021.10/bin/../lib/gcc/arm-none-eabi/10.3.1/thumb/v7e-m+fp/hard/libgcc.a(_aeabi_uldivmod.o) (__udivmoddi4)
/usr/share/gcc-arm-none-eabi-10.3-2021.10/bin/../lib/gcc/arm-none-eabi/10.3.1/thumb/v7e-m+fp/hard/libgcc.a(_dvmd_tls.o)
                              /usr/share/gcc-arm-none-eabi-10.3-2021.10/bin/../lib/gcc/arm-none-eabi/10.3.1/thumb/v7e-m+fp/hard/libgcc.a(_aeabi_uldivmod.o) (__aeabi_ldiv0)

Discarded input sections

 .text          0x0000000000000000        0x0 tmp/obj/app_benchmark.o
 .text          0x0000000000000000        0x0 tmp/obj/app_benchmark_boost_math_cbrt_tgamma.o
 .text          0x0000000000000000        0x0 tmp/obj/app_benchmark_boost_multiprecision_cbrt.o
 .text          0x0000000000000000        0x0 tmp/obj/app_benchmark_complex.o
 .text          0x0000000000000000        0x0 tmp/obj/app_benchmark_crc.o
 .text          0x0000000000000000        0x0 tmp/obj/app_benchmark_fast_math.o
 .text          0x0000000000000000        0x0 tmp/obj/app_benchmark_filter.o
 .text          0x0000000000000000        0x0 tmp/obj/app_benchmark_fixed_point.o
 .text          0x0000000000000000        0x0 tmp/obj/app_benchmark_float.o
 .text          0x0000000000000000        0x0 tmp/obj/app_benchmark_hash.o
 .text          0x0000000000000000        0x0 tmp/obj/app_benchmark_none.o
 .text          0x0000000000000000        0x0 tmp/obj/app_benchmark_pi_agm.o
 .text          0x0000000000000000        0x0 tmp/obj/app_benchmark_pi_spigot.o
 .text          0x0000000000000000        0x0 tmp/obj/app_benchmark_pi_spigot_single.o
 .text          0x0000000000000000        0x0 tmp/obj/app_benchmark_soft_double_h2f1.o
 .text          0x0000000000000000        0x0 tmp/obj/app_benchmark_trapezoid_integral.o
 .text          0x0000000000000000        0x0 tmp/obj/app_benchmark_wide_decimal.o
 .text          0x0000000000000000        0x0 tmp/obj/app_benchmark_wide_integer.o
 .text          0x0000000000000000        0x0 tmp/obj/app_led.o
 .text          0x0000000000000000        0x0 tmp/obj/mcal_cpu.o
 .text          0x0000000000000000        0x0 tmp/obj/mcal_eep.o
 .text._ZN4mcal3eep5writeEmh
                0x0000000000000000        0x2 tmp/obj/mcal_eep.o
 .text._ZN4mcal3eep4readEm
                0x0000000000000000        0x4 tmp/obj/mcal_eep.o
 .text          0x0000000000000000        0x0 tmp/obj/mcal_gpt.o
 .text          0x0000000000000000        0x0 tmp/obj/mcal_irq.o
 .group         0x0000000000000000        0x8 tmp/obj/mcal_led.o
 .group         0x0000000000000000       0x10 tmp/obj/mcal_led.o
 .group         0x0000000000000000        0x8 tmp/obj/mcal_led.o
 .group         0x0000000000000000        0xc tmp/obj/mcal_led.o
 .text          0x0000000000000000        0x0 tmp/obj/mcal_led.o
 .text          0x0000000000000000        0x0 tmp/obj/mcal_osc.o
 .group         0x0000000000000000        0x8 tmp/obj/mcal_pwm.o
 .group         0x0000000000000000        0x8 tmp/obj/mcal_pwm.o
 .group         0x0000000000000000       0x10 tmp/obj/mcal_pwm.o
 .group         0x0000000000000000        0xc tmp/obj/mcal_pwm.o
 .text          0x0000000000000000        0x0 tmp/obj/mcal_pwm.o
 .text._ZN4mcal3pwm9pwm_dummy4initEv
                0x0000000000000000        0x4 tmp/obj/mcal_pwm.o
 .text._ZN4mcal3pwm9pwm_dummy8set_dutyEt
                0x0000000000000000        0x4 tmp/obj/mcal_pwm.o
 .text.__tcf_0  0x0000000000000000        0x2 tmp/obj/mcal_pwm.o
 .text._ZN4mcal3pwm9pwm_dummyD2Ev
                0x0000000000000000        0x2 tmp/obj/mcal_pwm.o
 .text._ZN4mcal3pwm9pwm_dummyD0Ev
                0x0000000000000000        0xc tmp/obj/mcal_pwm.o
 .text._ZN4mcal3pwm4pwm0Ev
                0x0000000000000000       0x50 tmp/obj/mcal_pwm.o
 .rodata._ZTVN4mcal3pwm9pwm_dummyE
                0x0000000000000000       0x18 tmp/obj/mcal_pwm.o
 .text          0x0000000000000000        0x0 tmp/obj/mcal_port.o
 .group         0x0000000000000000        0x8 tmp/obj/mcal_spi.o
 .group         0x0000000000000000        0x8 tmp/obj/mcal_spi.o
 .group         0x0000000000000000        0x8 tmp/obj/mcal_spi.o
 .group         0x0000000000000000        0x8 tmp/obj/mcal_spi.o
 .group         0x0000000000000000        0x8 tmp/obj/mcal_spi.o
 .group         0x0000000000000000       0x10 tmp/obj/mcal_spi.o
 .group         0x0000000000000000        0xc tmp/obj/mcal_spi.o
 .text          0x0000000000000000        0x0 tmp/obj/mcal_spi.o
 .text._ZN4util18communication_base14select_channelEj
                0x0000000000000000        0x4 tmp/obj/mcal_spi.o
 .text._ZN4util35communication_buffer_depth_one_byte4recvERh
                0x0000000000000000        0x8 tmp/obj/mcal_spi.o
 .text._ZN4mcal3spi18spi_software_dummy4sendEh
                0x0000000000000000        0x8 tmp/obj/mcal_spi.o
 .text._ZN4mcal3spi18spi_software_dummy6selectEv
                0x0000000000000000        0x2 tmp/obj/mcal_spi.o
 .text._ZN4mcal3spi18spi_software_dummy8deselectEv
                0x0000000000000000        0x2 tmp/obj/mcal_spi.o
 .text.__tcf_0  0x0000000000000000        0x2 tmp/obj/mcal_spi.o
 .text._ZN4mcal3spi18spi_software_dummyD2Ev
                0x0000000000000000        0x2 tmp/obj/mcal_spi.o
 .text._ZN4mcal3spi18spi_software_dummyD0Ev
                0x0000000000000000        0xc tmp/obj/mcal_spi.o
 .text._ZN4mcal3spi4spi0Ev
                0x0000000000000000       0x34 tmp/obj/mcal_spi.o
 .rodata._ZTVN4mcal3spi18spi_software_dummyE
                0x0000000000000000       0x24 tmp/obj/mcal_spi.o
 .text          0x0000000000000000        0x0 tmp/obj/mcal_wdg.o
 .text          0x0000000000000000        0x0 tmp/obj/mcal.o
 .text          0x0000000000000000        0x0 tmp/obj/os.o
 .text._ZN2os9set_eventENS_12enum_task_idERKj
                0x0000000000000000       0x24 tmp/obj/os.o
 .text._ZN2os9get_eventERj
                0x0000000000000000       0x30 tmp/obj/os.o
 .text._ZN2os11clear_eventERKj
                0x0000000000000000       0x34 tmp/obj/os.o
 .text          0x0000000000000000        0x0 tmp/obj/os_task_control_block.o
 .text          0x0000000000000000        0x0 tmp/obj/sys_idle.o
 .text          0x0000000000000000        0x0 tmp/obj/sys_mon.o
 .text          0x0000000000000000        0x0 tmp/obj/sys_start.o
 .text          0x0000000000000000        0x0 tmp/obj/mcal_gcc_cxx_completion.o
 .text._ZNSt6chrono21high_resolution_clock3nowEv
                0x0000000000000000       0x10 tmp/obj/mcal_gcc_cxx_completion.o
 .text._Znwj    0x0000000000000000       0x1c tmp/obj/mcal_gcc_cxx_completion.o
 .text._ZdlPvS_
                0x0000000000000000        0x2 tmp/obj/mcal_gcc_cxx_completion.o
 .text.unlikely.abort
                0x0000000000000000        0x4 tmp/obj/mcal_gcc_cxx_completion.o
 .text.at_quick_exit
                0x0000000000000000        0x4 tmp/obj/mcal_gcc_cxx_completion.o
 .text._Exit    0x0000000000000000        0x4 tmp/obj/mcal_gcc_cxx_completion.o
 .text.exit     0x0000000000000000        0x4 tmp/obj/mcal_gcc_cxx_completion.o
 .text.quick_exit
                0x0000000000000000        0x4 tmp/obj/mcal_gcc_cxx_completion.o
 .text._exit    0x0000000000000000        0x4 tmp/obj/mcal_gcc_cxx_completion.o
 .text._isatty  0x0000000000000000        0x4 tmp/obj/mcal_gcc_cxx_completion.o
 .text._lseek   0x0000000000000000        0x4 tmp/obj/mcal_gcc_cxx_completion.o
 .text._open    0x0000000000000000        0x6 tmp/obj/mcal_gcc_cxx_completion.o
 .text._close   0x0000000000000000        0x6 tmp/obj/mcal_gcc_cxx_completion.o
 .text._read    0x0000000000000000        0x4 tmp/obj/mcal_gcc_cxx_completion.o
 .text._write   0x0000000000000000        0x4 tmp/obj/mcal_gcc_cxx_completion.o
 .text._fstat   0x0000000000000000        0x4 tmp/obj/mcal_gcc_cxx_completion.o
 .text._sbrk    0x0000000000000000        0x4 tmp/obj/mcal_gcc_cxx_completion.o
 .text._getpid  0x0000000000000000        0x4 tmp/obj/mcal_gcc_cxx_completion.o
 .text._kill    0x0000000000000000        0x6 tmp/obj/mcal_gcc_cxx_completion.o
 .text.__cxa_pure_virtual
                0x0000000000000000        0x2 tmp/obj/mcal_gcc_cxx_completion.o
 .text.__cxa_demangle
                0x0000000000000000        0x4 tmp/obj/mcal_gcc_cxx_completion.o
 .text          0x0000000000000000        0x0 tmp/obj/mcal_osc_detail.o
 .text          0x0000000000000000        0x0 tmp/obj/crt0.o
 .text          0x0000000000000000        0x0 tmp/obj/crt0_init_ram.o
 .text          0x0000000000000000        0x0 tmp/obj/crt1.o
 .text          0x0000000000000000        0x0 tmp/obj/int_vect.o
 .text          0x0000000000000000        0x0 /usr/share/gcc-arm-none-eabi-10.3-2021.10/bin/../lib/gcc/arm-none-eabi/10.3.1/../../../../arm-none-eabi/lib/thumb/v7e-m+fp/hard/libc.a(lib_a-memset.o)
 .ARM.extab     0x0000000000000000        0x0 /usr/share/gcc-arm-none-eabi-10.3-2021.10/bin/../lib/gcc/arm-none-eabi/10.3.1/thumb/v7e-m+fp/hard/libgcc.a(_udivmoddi4.o)

Memory Configuration

Name             Origin             Length             Attributes
ROM              0x0000000008000000 0x0000000000010000 xr
RAM              0x0000000020000000 0x0000000000007000 xrw
*default*        0x0000000000000000 0xffffffffffffffff

Linker script and memory map

LOAD tmp/obj/app_benchmark.o
LOAD tmp/obj/app_benchmark_boost_math_cbrt_tgamma.o
LOAD tmp/obj/app_benchmark_boost_multiprecision_cbrt.o
LOAD tmp/obj/app_benchmark_complex.o
LOAD tmp/obj/app_benchmark_crc.o
LOAD tmp/obj/app_benchmark_fast_math.o
LOAD tmp/obj/app_benchmark_filter.o
LOAD tmp/obj/app_benchmark_fixed_point.o
LOAD tmp/obj/app_benchmark_float.o
LOAD tmp/obj/app_benchmark_hash.o
LOAD tmp/obj/app_benchmark_none.o
LOAD tmp/obj/app_benchmark_pi_agm.o
LOAD tmp/obj/app_benchmark_pi_spigot.o
LOAD tmp/obj/app_benchmark_pi_spigot_single.o
LOAD tmp/obj/app_benchmark_soft_double_h2f1.o
LOAD tmp/obj/app_benchmark_trapezoid_integral.o
LOAD tmp/obj/app_benchmark_wide_decimal.o
LOAD tmp/obj/app_benchmark_wide_integer.o
LOAD tmp/obj/app_led.o
LOAD tmp/obj/mcal_cpu.o
LOAD tmp/obj/mcal_eep.o
LOAD tmp/obj/mcal_gpt.o
LOAD tmp/obj/mcal_irq.o
LOAD tmp/obj/mcal_led.o
LOAD tmp/obj/mcal_osc.o
LOAD tmp/obj/mcal_pwm.o
LOAD tmp/obj/mcal_port.o
LOAD tmp/obj/mcal_spi.o
LOAD tmp/obj/mcal_wdg.o
LOAD tmp/obj/mcal.o
LOAD tmp/obj/os.o
LOAD tmp/obj/os_task_control_block.o
LOAD tmp/obj/sys_idle.o
LOAD tmp/obj/sys_mon.o
LOAD tmp/obj/sys_start.o
LOAD tmp/obj/mcal_gcc_cxx_completion.o
LOAD tmp/obj/mcal_osc_detail.o
LOAD tmp/obj/crt0.o
LOAD tmp/obj/crt0_init_ram.o
LOAD tmp/obj/crt1.o
LOAD tmp/obj/int_vect.o
LOAD /usr/share/gcc-arm-none-eabi-10.3-2021.10/bin/../lib/gcc/arm-none-eabi/10.3.1/../../../../arm-none-eabi/lib/thumb/v7e-m+fp/hard/libc.a
LOAD /usr/share/gcc-arm-none-eabi-10.3-2021.10/bin/../lib/gcc/arm-none-eabi/10.3.1/../../../../arm-none-eabi/lib/thumb/v7e-m+fp/hard/libm.a
LOAD /usr/share/gcc-arm-none-eabi-10.3-2021.10/bin/../lib/gcc/arm-none-eabi/10.3.1/thumb/v7e-m+fp/hard/libgcc.a
                0x0000000008000000                _rom_begin = 0x8000000
                0x0000000008010000                _rom_end = 0x8010000
                0x0000000020007000                _stack_begin = 0x20007000
                0x0000000020008000                _stack_end = 0x20008000
                0x0000000020007ffc                __initial_stack_pointer = 0x20007ffc
                0x0000000008000000                . = 0x8000000
                0x0000000008000000                . = ALIGN (0x4)

.isr_vector     0x0000000008000000      0x200
 *(.isr_vector)
 .isr_vector    0x0000000008000000      0x200 tmp/obj/int_vect.o
                0x0000000008000000                __isr_vector
                0x0000000008000200                . = ALIGN (0x10)
 *(.isr_vector)

.startup        0x0000000008000200       0x30
 *(.startup)
 .startup       0x0000000008000200       0x24 tmp/obj/crt0.o
                0x0000000008000200                __my_startup
                0x0000000008000230                . = ALIGN (0x10)
 *fill*         0x0000000008000224        0xc 5555
 *(.startup)

.text           0x0000000008000230      0xac4
                0x0000000008000230                _ctors_begin = .
 *(SORT_BY_NAME(.init_array.*))
 *(.init_array*)
 .init_array    0x0000000008000230        0x4 tmp/obj/app_led.o
 .init_array    0x0000000008000234        0x4 tmp/obj/os.o
                0x0000000008000238                _ctors_end = .
 *(.progmem*)
                0x0000000008000238                . = ALIGN (0x4)
 *(.text)
 .text          0x0000000008000238      0x134 /usr/share/gcc-arm-none-eabi-10.3-2021.10/bin/../lib/gcc/arm-none-eabi/10.3.1/../../../../arm-none-eabi/lib/thumb/v7e-m+fp/hard/libc.a(lib_a-memcpy.o)
                0x0000000008000238                memcpy
 .text          0x000000000800036c       0x30 /usr/share/gcc-arm-none-eabi-10.3-2021.10/bin/../lib/gcc/arm-none-eabi/10.3.1/thumb/v7e-m+fp/hard/libgcc.a(_aeabi_uldivmod.o)
                0x000000000800036c                __aeabi_uldivmod
 .text          0x000000000800039c      0x2d0 /usr/share/gcc-arm-none-eabi-10.3-2021.10/bin/../lib/gcc/arm-none-eabi/10.3.1/thumb/v7e-m+fp/hard/libgcc.a(_udivmoddi4.o)
                0x000000000800039c                __udivmoddi4
 .text          0x000000000800066c        0x4 /usr/share/gcc-arm-none-eabi-10.3-2021.10/bin/../lib/gcc/arm-none-eabi/10.3.1/thumb/v7e-m+fp/hard/libgcc.a(_dvmd_tls.o)
                0x000000000800066c                __aeabi_ldiv0
                0x000000000800066c                __aeabi_idiv0
                0x0000000008000670                . = ALIGN (0x4)
 *(.text*)
 .text._ZN3app9benchmark9task_initEv
                0x0000000008000670       0x38 tmp/obj/app_benchmark.o
                0x0000000008000670                app::benchmark::task_init()
 .text._ZN3app9benchmark9task_funcEv
                0x00000000080006a8       0x2c tmp/obj/app_benchmark.o
                0x00000000080006a8                app::benchmark::task_func()
 .text._ZN3app9benchmark8run_noneEv
                0x00000000080006d4        0x4 tmp/obj/app_benchmark_none.o
                0x00000000080006d4                app::benchmark::run_none()
 .text._ZN3app3led9task_initEv
                0x00000000080006d8       0x10 tmp/obj/app_led.o
                0x00000000080006d8                app::led::task_init()
 .text._ZN3app3led9task_funcEv
                0x00000000080006e8       0x30 tmp/obj/app_led.o
                0x00000000080006e8                app::led::task_func()
 .text.startup._GLOBAL__sub_I__ZN3app3led9task_initEv
                0x0000000008000718       0x18 tmp/obj/app_led.o
 .text._ZN4mcal3cpu4initEv
                0x0000000008000730       0x8c tmp/obj/mcal_cpu.o
                0x0000000008000730                mcal::cpu::init()
 .text._ZN12_GLOBAL__N_118gpt_is_initializedEv
                0x00000000080007bc        0x8 tmp/obj/mcal_gpt.o
 .text.__sys_tick_handler
                0x00000000080007c4       0x1c tmp/obj/mcal_gpt.o
                0x00000000080007c4                __sys_tick_handler
 .text._ZN4mcal3gpt4initEPKv
                0x00000000080007e0       0x36 tmp/obj/mcal_gpt.o
                0x00000000080007e0                mcal::gpt::init(void const*)
 *fill*         0x0000000008000816        0x2 
 .text._ZN4mcal3gpt6secure16get_time_elapsedEv
                0x0000000008000818       0x54 tmp/obj/mcal_gpt.o
                0x0000000008000818                mcal::gpt::secure::get_time_elapsed()
 .text._ZN4mcal3irq4initEPKv
                0x000000000800086c        0x4 tmp/obj/mcal_irq.o
                0x000000000800086c                mcal::irq::init(void const*)
 .text._ZNK4mcal3led22led_boolean_state_base11state_is_onEv
                0x0000000008000870        0x4 tmp/obj/mcal_led.o
                0x0000000008000870                mcal::led::led_boolean_state_base::state_is_on() const
 .text.__tcf_0  0x0000000008000874        0x2 tmp/obj/mcal_led.o
 .text._ZN4mcal3led8led_portINS_4port8port_pinImmLm1073872896ELm5EEEED2Ev
                0x0000000008000876        0x2 tmp/obj/mcal_led.o
                0x0000000008000876                mcal::led::led_port<mcal::port::port_pin<unsigned long, unsigned long, 1073872896ul, 5ul> >::~led_port()
                0x0000000008000876                mcal::led::led_port<mcal::port::port_pin<unsigned long, unsigned long, 1073872896ul, 5ul> >::~led_port()
 .text._ZN4mcal3led8led_portINS_4port8port_pinImmLm1073872896ELm5EEEE6toggleEv
                0x0000000008000878       0x18 tmp/obj/mcal_led.o
                0x0000000008000878                mcal::led::led_port<mcal::port::port_pin<unsigned long, unsigned long, 1073872896ul, 5ul> >::toggle()
 .text._ZN4mcal3led8led_portINS_4port8port_pinImmLm1073872896ELm5EEEED0Ev
                0x0000000008000890        0xc tmp/obj/mcal_led.o
                0x0000000008000890                mcal::led::led_port<mcal::port::port_pin<unsigned long, unsigned long, 1073872896ul, 5ul> >::~led_port()
 .text._ZN4mcal3led4led0Ev
                0x000000000800089c       0x60 tmp/obj/mcal_led.o
                0x000000000800089c                mcal::led::led0()
 .text._ZN4mcal3osc4initEPKv
                0x00000000080008fc       0xb4 tmp/obj/mcal_osc.o
                0x00000000080008fc                mcal::osc::init(void const*)
 .text._ZN4mcal4port4initEPKv
                0x00000000080009b0       0x14 tmp/obj/mcal_port.o
                0x00000000080009b0                mcal::port::init(void const*)
 .text._ZN4mcal3spi4initEPKv
                0x00000000080009c4        0x2 tmp/obj/mcal_spi.o
                0x00000000080009c4                mcal::spi::init(void const*)
 *fill*         0x00000000080009c6        0x2 
 .text._ZN4mcal3wdg4initEPKv
                0x00000000080009c8       0x28 tmp/obj/mcal_wdg.o
                0x00000000080009c8                mcal::wdg::init(void const*)
 .text._ZN4mcal3wdg6secure7triggerEv
                0x00000000080009f0       0x10 tmp/obj/mcal_wdg.o
                0x00000000080009f0                mcal::wdg::secure::trigger()
 .text._ZN4mcal4initEv
                0x0000000008000a00       0x18 tmp/obj/mcal.o
                0x0000000008000a00                mcal::init()
 .text._ZN2os8start_osEv
                0x0000000008000a18       0x4c tmp/obj/os.o
                0x0000000008000a18                os::start_os()
 .text.startup._GLOBAL__sub_I__ZN2os8start_osEv
                0x0000000008000a64       0x70 tmp/obj/os.o
 .text._ZN2os18task_control_block7executeERKj
                0x0000000008000ad4       0x30 tmp/obj/os_task_control_block.o
                0x0000000008000ad4                os::task_control_block::execute(unsigned int const&)
 .text._ZN3sys4idle9task_initEv
                0x0000000008000b04        0x2 tmp/obj/sys_idle.o
                0x0000000008000b04                sys::idle::task_init()
 .text._ZN3sys4idle9task_funcEv
                0x0000000008000b06        0x4 tmp/obj/sys_idle.o
                0x0000000008000b06                sys::idle::task_func()
 .text._ZN3sys3mon9task_initEv
                0x0000000008000b0a        0x2 tmp/obj/sys_mon.o
                0x0000000008000b0a                sys::mon::task_init()
 .text._ZN3sys3mon9task_funcEv
                0x0000000008000b0c        0x2 tmp/obj/sys_mon.o
                0x0000000008000b0c                sys::mon::task_func()
 .text.startup.main
                0x0000000008000b0e        0xe tmp/obj/sys_start.o
                0x0000000008000b0e                main
 .text._ZdlPv   0x0000000008000b1c        0x2 tmp/obj/mcal_gcc_cxx_completion.o
                0x0000000008000b1c                operator delete(void*)
 .text.atexit   0x0000000008000b1e        0x4 tmp/obj/mcal_gcc_cxx_completion.o
                0x0000000008000b1e                atexit
 .text._ZN4mcal3osc6detail24stm32f4xx_clock_settingsC2Eth
                0x0000000008000b22       0x9e tmp/obj/mcal_osc_detail.o
                0x0000000008000b22                mcal::osc::detail::stm32f4xx_clock_settings::stm32f4xx_clock_settings(unsigned short, unsigned char)
                0x0000000008000b22                mcal::osc::detail::stm32f4xx_clock_settings::stm32f4xx_clock_settings(unsigned short, unsigned char)
 .text._ZN4mcal3osc6detail24stm32f4xx_clock_settingsD2Ev
                0x0000000008000bc0        0x2 tmp/obj/mcal_osc_detail.o
                0x0000000008000bc0                mcal::osc::detail::stm32f4xx_clock_settings::~stm32f4xx_clock_settings()
                0x0000000008000bc0                mcal::osc::detail::stm32f4xx_clock_settings::~stm32f4xx_clock_settings()
 *fill*         0x0000000008000bc2        0x2 
 .text._ZN3crt8init_ramEv
                0x0000000008000bc4       0x34 tmp/obj/crt0_init_ram.o
                0x0000000008000bc4                crt::init_ram()
 .text._ZN3crt10init_ctorsEv
                0x0000000008000bf8       0x1c tmp/obj/crt1.o
                0x0000000008000bf8                crt::init_ctors()
 .text.__vector_unused_irq
                0x0000000008000c14        0x4 tmp/obj/int_vect.o
                0x0000000008000c14                __vector_unused_irq
 .text.__nmi_handler
                0x0000000008000c18        0x4 tmp/obj/int_vect.o
                0x0000000008000c18                __nmi_handler
 .text.__hard_fault_handler
                0x0000000008000c1c        0x4 tmp/obj/int_vect.o
                0x0000000008000c1c                __hard_fault_handler
 .text.__mem_manage_handler
                0x0000000008000c20        0x4 tmp/obj/int_vect.o
                0x0000000008000c20                __mem_manage_handler
 .text.__bus_fault_handler
                0x0000000008000c24        0x4 tmp/obj/int_vect.o
                0x0000000008000c24                __bus_fault_handler
 .text.__usage_fault_handler
                0x0000000008000c28        0x4 tmp/obj/int_vect.o
                0x0000000008000c28                __usage_fault_handler
 .text.__svc_handler
                0x0000000008000c2c        0x4 tmp/obj/int_vect.o
                0x0000000008000c2c                __svc_handler
 .text.__debug_mon_handler
                0x0000000008000c30        0x4 tmp/obj/int_vect.o
                0x0000000008000c30                __debug_mon_handler
 .text.__pend_sv_handler
                0x0000000008000c34        0x4 tmp/obj/int_vect.o
                0x0000000008000c34                __pend_sv_handler
 .text.memset   0x0000000008000c38       0xa4 /usr/share/gcc-arm-none-eabi-10.3-2021.10/bin/../lib/gcc/arm-none-eabi/10.3.1/../../../../arm-none-eabi/lib/thumb/v7e-m+fp/hard/libc.a(lib_a-memset.o)
                0x0000000008000c38                memset
                0x0000000008000cdc                . = ALIGN (0x4)
 *(.rodata)
                0x0000000008000cdc                . = ALIGN (0x4)
 *(.rodata*)
 .rodata._ZTVN4mcal3led8led_portINS_4port8port_pinImmLm1073872896ELm5EEEEE
                0x0000000008000cdc       0x18 tmp/obj/mcal_led.o
                0x0000000008000cdc                vtable for mcal::led::led_port<mcal::port::port_pin<unsigned long, unsigned long, 1073872896ul, 5ul> >
                0x0000000008000cf4                . = ALIGN (0x4)
 *(.glue_7)
 .glue_7        0x0000000008000cf4        0x0 linker stubs
                0x0000000008000cf4                . = ALIGN (0x4)
 *(.glue_7t)
 .glue_7t       0x0000000008000cf4        0x0 linker stubs
                0x0000000008000cf4                . = ALIGN (0x4)

.vfp11_veneer   0x0000000008000cf4        0x0
 .vfp11_veneer  0x0000000008000cf4        0x0 linker stubs

.v4_bx          0x0000000008000cf4        0x0
 .v4_bx         0x0000000008000cf4        0x0 linker stubs

.iplt           0x0000000008000cf4        0x0
 .iplt          0x0000000008000cf4        0x0 tmp/obj/app_benchmark.o

.ARM.extab      0x0000000008000cf4        0x0
                0x0000000008000cf4                . = ALIGN (0x4)
 *(.ARM.extab)
 *(.gnu.linkonce.armextab.*)
                0x0000000008000cf4                . = ALIGN (0x4)

.exidx          0x0000000008000cf4        0x8
                0x0000000008000cf4                . = ALIGN (0x4)
                [!provide]                        PROVIDE (__exidx_start = .)
 *(.ARM.exidx*)
 .ARM.exidx     0x0000000008000cf4        0x8 /usr/share/gcc-arm-none-eabi-10.3-2021.10/bin/../lib/gcc/arm-none-eabi/10.3.1/thumb/v7e-m+fp/hard/libgcc.a(_udivmoddi4.o)
                0x0000000008000cfc                . = ALIGN (0x4)
                [!provide]                        PROVIDE (__exidx_end = .)

.rel.dyn        0x0000000008000cfc        0x0
 .rel.iplt      0x0000000008000cfc        0x0 tmp/obj/app_benchmark.o

.ARM.attributes
                0x0000000008000cfc       0x32
 *(.ARM.attributes)
 .ARM.attributes
                0x0000000008000cfc       0x2e tmp/obj/app_benchmark.o
 .ARM.attributes
                0x0000000008000d2a       0x2e tmp/obj/app_benchmark_boost_math_cbrt_tgamma.o
 .ARM.attributes
                0x0000000008000d58       0x2e tmp/obj/app_benchmark_boost_multiprecision_cbrt.o
 .ARM.attributes
                0x0000000008000d86       0x2e tmp/obj/app_benchmark_complex.o
 .ARM.attributes
                0x0000000008000db4       0x2e tmp/obj/app_benchmark_crc.o
 .ARM.attributes
                0x0000000008000de2       0x2e tmp/obj/app_benchmark_fast_math.o
 .ARM.attributes
                0x0000000008000e10       0x2e tmp/obj/app_benchmark_filter.o
 .ARM.attributes
                0x0000000008000e3e       0x2e tmp/obj/app_benchmark_fixed_point.o
 .ARM.attributes
                0x0000000008000e6c       0x2e tmp/obj/app_benchmark_float.o
 .ARM.attributes
                0x0000000008000e9a       0x2e tmp/obj/app_benchmark_hash.o
 .ARM.attributes
                0x0000000008000ec8       0x2e tmp/obj/app_benchmark_none.o
 .ARM.attributes
                0x0000000008000ef6       0x2e tmp/obj/app_benchmark_pi_agm.o
 .ARM.attributes
                0x0000000008000f24       0x2e tmp/obj/app_benchmark_pi_spigot.o
 .ARM.attributes
                0x0000000008000f52       0x2e tmp/obj/app_benchmark_pi_spigot_single.o
 .ARM.attributes
                0x0000000008000f80       0x2e tmp/obj/app_benchmark_soft_double_h2f1.o
 .ARM.attributes
                0x0000000008000fae       0x2e tmp/obj/app_benchmark_trapezoid_integral.o
 .ARM.attributes
                0x0000000008000fdc       0x2e tmp/obj/app_benchmark_wide_decimal.o
 .ARM.attributes
                0x000000000800100a       0x2e tmp/obj/app_benchmark_wide_integer.o
 .ARM.attributes
                0x0000000008001038       0x2e tmp/obj/app_led.o
 .ARM.attributes
                0x0000000008001066       0x2e tmp/obj/mcal_cpu.o
 .ARM.attributes
                0x0000000008001094       0x2e tmp/obj/mcal_eep.o
 .ARM.attributes
                0x00000000080010c2       0x2e tmp/obj/mcal_gpt.o
 .ARM.attributes
                0x00000000080010f0       0x2e tmp/obj/mcal_irq.o
 .ARM.attributes
                0x000000000800111e       0x2e tmp/obj/mcal_led.o
 .ARM.attributes
                0x000000000800114c       0x2e tmp/obj/mcal_osc.o
 .ARM.attributes
                0x000000000800117a       0x2e tmp/obj/mcal_pwm.o
 .ARM.attributes
                0x00000000080011a8       0x2e tmp/obj/mcal_port.o
 .ARM.attributes
                0x00000000080011d6       0x2e tmp/obj/mcal_spi.o
 .ARM.attributes
                0x0000000008001204       0x2e tmp/obj/mcal_wdg.o
 .ARM.attributes
                0x0000000008001232       0x2e tmp/obj/mcal.o
 .ARM.attributes
                0x0000000008001260       0x2e tmp/obj/os.o
 .ARM.attributes
                0x000000000800128e       0x2e tmp/obj/os_task_control_block.o
 .ARM.attributes
                0x00000000080012bc       0x2e tmp/obj/sys_idle.o
 .ARM.attributes
                0x00000000080012ea       0x2e tmp/obj/sys_mon.o
 .ARM.attributes
                0x0000000008001318       0x2e tmp/obj/sys_start.o
 .ARM.attributes
                0x0000000008001346       0x2e tmp/obj/mcal_gcc_cxx_completion.o
 .ARM.attributes
                0x0000000008001374       0x2e tmp/obj/mcal_osc_detail.o
 .ARM.attributes
                0x00000000080013a2       0x2e tmp/obj/crt0.o
 .ARM.attributes
                0x00000000080013d0       0x2e tmp/obj/crt0_init_ram.o
 .ARM.attributes
                0x00000000080013fe       0x2e tmp/obj/crt1.o
 .ARM.attributes
                0x000000000800142c       0x2e tmp/obj/int_vect.o
 .ARM.attributes
                0x000000000800145a       0x1c /usr/share/gcc-arm-none-eabi-10.3-2021.10/bin/../lib/gcc/arm-none-eabi/10.3.1/../../../../arm-none-eabi/lib/thumb/v7e-m+fp/hard/libc.a(lib_a-memcpy.o)
 .ARM.attributes
                0x0000000008001476       0x34 /usr/share/gcc-arm-none-eabi-10.3-2021.10/bin/../lib/gcc/arm-none-eabi/10.3.1/../../../../arm-none-eabi/lib/thumb/v7e-m+fp/hard/libc.a(lib_a-memset.o)
 .ARM.attributes
                0x00000000080014aa       0x1e /usr/share/gcc-arm-none-eabi-10.3-2021.10/bin/../lib/gcc/arm-none-eabi/10.3.1/thumb/v7e-m+fp/hard/libgcc.a(_aeabi_uldivmod.o)
 .ARM.attributes
                0x00000000080014c8       0x34 /usr/share/gcc-arm-none-eabi-10.3-2021.10/bin/../lib/gcc/arm-none-eabi/10.3.1/thumb/v7e-m+fp/hard/libgcc.a(_udivmoddi4.o)
 .ARM.attributes
                0x00000000080014fc       0x1e /usr/share/gcc-arm-none-eabi-10.3-2021.10/bin/../lib/gcc/arm-none-eabi/10.3.1/thumb/v7e-m+fp/hard/libgcc.a(_dvmd_tls.o)
                0x0000000020000000                . = 0x20000000
                0x0000000020000000                . = ALIGN (0x4)

.data           0x0000000020000000        0x4 load address 0x0000000008000cfc
                0x0000000020000000                _data_begin = .
 *(.data)
 .data          0x0000000020000000        0x0 tmp/obj/app_benchmark.o
 .data          0x0000000020000000        0x0 tmp/obj/app_benchmark_boost_math_cbrt_tgamma.o
 .data          0x0000000020000000        0x0 tmp/obj/app_benchmark_boost_multiprecision_cbrt.o
 .data          0x0000000020000000        0x0 tmp/obj/app_benchmark_complex.o
 .data          0x0000000020000000        0x0 tmp/obj/app_benchmark_crc.o
 .data          0x0000000020000000        0x0 tmp/obj/app_benchmark_fast_math.o
 .data          0x0000000020000000        0x0 tmp/obj/app_benchmark_filter.o
 .data          0x0000000020000000        0x0 tmp/obj/app_benchmark_fixed_point.o
 .data          0x0000000020000000        0x0 tmp/obj/app_benchmark_float.o
 .data          0x0000000020000000        0x0 tmp/obj/app_benchmark_hash.o
 .data          0x0000000020000000        0x0 tmp/obj/app_benchmark_none.o
 .data          0x0000000020000000        0x0 tmp/obj/app_benchmark_pi_agm.o
 .data          0x0000000020000000        0x0 tmp/obj/app_benchmark_pi_spigot.o
 .data          0x0000000020000000        0x0 tmp/obj/app_benchmark_pi_spigot_single.o
 .data          0x0000000020000000        0x0 tmp/obj/app_benchmark_soft_double_h2f1.o
 .data          0x0000000020000000        0x0 tmp/obj/app_benchmark_trapezoid_integral.o
 .data          0x0000000020000000        0x0 tmp/obj/app_benchmark_wide_decimal.o
 .data          0x0000000020000000        0x0 tmp/obj/app_benchmark_wide_integer.o
 .data          0x0000000020000000        0x0 tmp/obj/app_led.o
 .data          0x0000000020000000        0x0 tmp/obj/mcal_cpu.o
 .data          0x0000000020000000        0x0 tmp/obj/mcal_eep.o
 .data          0x0000000020000000        0x0 tmp/obj/mcal_gpt.o
 .data          0x0000000020000000        0x0 tmp/obj/mcal_irq.o
 .data          0x0000000020000000        0x0 tmp/obj/mcal_led.o
 .data          0x0000000020000000        0x0 tmp/obj/mcal_osc.o
 .data          0x0000000020000000        0x0 tmp/obj/mcal_pwm.o
 .data          0x0000000020000000        0x0 tmp/obj/mcal_port.o
 .data          0x0000000020000000        0x0 tmp/obj/mcal_spi.o
 .data          0x0000000020000000        0x0 tmp/obj/mcal_wdg.o
 .data          0x0000000020000000        0x0 tmp/obj/mcal.o
 .data          0x0000000020000000        0x0 tmp/obj/os.o
 .data          0x0000000020000000        0x0 tmp/obj/os_task_control_block.o
 .data          0x0000000020000000        0x0 tmp/obj/sys_idle.o
 .data          0x0000000020000000        0x0 tmp/obj/sys_mon.o
 .data          0x0000000020000000        0x0 tmp/obj/sys_start.o
 .data          0x0000000020000000        0x0 tmp/obj/mcal_gcc_cxx_completion.o
 .data          0x0000000020000000        0x0 tmp/obj/mcal_osc_detail.o
 .data          0x0000000020000000        0x0 tmp/obj/crt0.o
 .data          0x0000000020000000        0x0 tmp/obj/crt0_init_ram.o
 .data          0x0000000020000000        0x0 tmp/obj/crt1.o
 .data          0x0000000020000000        0x0 tmp/obj/int_vect.o
 .data          0x0000000020000000        0x0 /usr/share/gcc-arm-none-eabi-10.3-2021.10/bin/../lib/gcc/arm-none-eabi/10.3.1/../../../../arm-none-eabi/lib/thumb/v7e-m+fp/hard/libc.a(lib_a-memcpy.o)
 .data          0x0000000020000000        0x0 /usr/share/gcc-arm-none-eabi-10.3-2021.10/bin/../lib/gcc/arm-none-eabi/10.3.1/../../../../arm-none-eabi/lib/thumb/v7e-m+fp/hard/libc.a(lib_a-memset.o)
 .data          0x0000000020000000        0x0 /usr/share/gcc-arm-none-eabi-10.3-2021.10/bin/../lib/gcc/arm-none-eabi/10.3.1/thumb/v7e-m+fp/hard/libgcc.a(_aeabi_uldivmod.o)
 .data          0x0000000020000000        0x0 /usr/share/gcc-arm-none-eabi-10.3-2021.10/bin/../lib/gcc/arm-none-eabi/10.3.1/thumb/v7e-m+fp/hard/libgcc.a(_udivmoddi4.o)
 .data          0x0000000020000000        0x0 /usr/share/gcc-arm-none-eabi-10.3-2021.10/bin/../lib/gcc/arm-none-eabi/10.3.1/thumb/v7e-m+fp/hard/libgcc.a(_dvmd_tls.o)
                0x0000000020000000                . = ALIGN (0x4)
 *(.data)
 *(.data*)
 .data._ZZnwjE7get_ptr
                0x0000000020000000        0x4 tmp/obj/mcal_gcc_cxx_completion.o
                0x0000000020000004                . = ALIGN (0x4)
 *(.data*)
                0x0000000020000004                _data_end = .

.igot.plt       0x0000000020000004        0x0 load address 0x0000000008000d00
 .igot.plt      0x0000000020000004        0x0 tmp/obj/app_benchmark.o

.bss            0x0000000020000008       0x90 load address 0x0000000008000d00
                0x0000000020000008                _bss_begin = .
 *(.bss)
 .bss           0x0000000020000008        0x0 tmp/obj/app_benchmark.o
 .bss           0x0000000020000008        0x0 tmp/obj/app_benchmark_boost_math_cbrt_tgamma.o
 .bss           0x0000000020000008        0x0 tmp/obj/app_benchmark_boost_multiprecision_cbrt.o
 .bss           0x0000000020000008        0x0 tmp/obj/app_benchmark_complex.o
 .bss           0x0000000020000008        0x0 tmp/obj/app_benchmark_crc.o
 .bss           0x0000000020000008        0x0 tmp/obj/app_benchmark_fast_math.o
 .bss           0x0000000020000008        0x0 tmp/obj/app_benchmark_filter.o
 .bss           0x0000000020000008        0x0 tmp/obj/app_benchmark_fixed_point.o
 .bss           0x0000000020000008        0x0 tmp/obj/app_benchmark_float.o
 .bss           0x0000000020000008        0x0 tmp/obj/app_benchmark_hash.o
 .bss           0x0000000020000008        0x0 tmp/obj/app_benchmark_none.o
 .bss           0x0000000020000008        0x0 tmp/obj/app_benchmark_pi_agm.o
 .bss           0x0000000020000008        0x0 tmp/obj/app_benchmark_pi_spigot.o
 .bss           0x0000000020000008        0x0 tmp/obj/app_benchmark_pi_spigot_single.o
 .bss           0x0000000020000008        0x0 tmp/obj/app_benchmark_soft_double_h2f1.o
 .bss           0x0000000020000008        0x0 tmp/obj/app_benchmark_trapezoid_integral.o
 .bss           0x0000000020000008        0x0 tmp/obj/app_benchmark_wide_decimal.o
 .bss           0x0000000020000008        0x0 tmp/obj/app_benchmark_wide_integer.o
 .bss           0x0000000020000008        0x0 tmp/obj/app_led.o
 .bss           0x0000000020000008        0x0 tmp/obj/mcal_cpu.o
 .bss           0x0000000020000008        0x0 tmp/obj/mcal_eep.o
 .bss           0x0000000020000008        0x0 tmp/obj/mcal_gpt.o
 .bss           0x0000000020000008        0x0 tmp/obj/mcal_irq.o
 .bss           0x0000000020000008        0x0 tmp/obj/mcal_led.o
 .bss           0x0000000020000008        0x0 tmp/obj/mcal_osc.o
 .bss           0x0000000020000008        0x0 tmp/obj/mcal_pwm.o
 .bss           0x0000000020000008        0x0 tmp/obj/mcal_port.o
 .bss           0x0000000020000008        0x0 tmp/obj/mcal_spi.o
 .bss           0x0000000020000008        0x0 tmp/obj/mcal_wdg.o
 .bss           0x0000000020000008        0x0 tmp/obj/mcal.o
 .bss           0x0000000020000008        0x0 tmp/obj/os.o
 .bss           0x0000000020000008        0x0 tmp/obj/os_task_control_block.o
 .bss           0x0000000020000008        0x0 tmp/obj/sys_idle.o
 .bss           0x0000000020000008        0x0 tmp/obj/sys_mon.o
 .bss           0x0000000020000008        0x0 tmp/obj/sys_start.o
 .bss           0x0000000020000008        0x0 tmp/obj/mcal_gcc_cxx_completion.o
 .bss           0x0000000020000008        0x0 tmp/obj/mcal_osc_detail.o
 .bss           0x0000000020000008        0x0 tmp/obj/crt0.o
 .bss           0x0000000020000008        0x0 tmp/obj/crt0_init_ram.o
 .bss           0x0000000020000008        0x0 tmp/obj/crt1.o
 .bss           0x0000000020000008        0x0 tmp/obj/int_vect.o
 .bss           0x0000000020000008        0x0 /usr/share/gcc-arm-none-eabi-10.3-2021.10/bin/../lib/gcc/arm-none-eabi/10.3.1/../../../../arm-none-eabi/lib/thumb/v7e-m+fp/hard/libc.a(lib_a-memcpy.o)
 .bss           0x0000000020000008        0x0 /usr/share/gcc-arm-none-eabi-10.3-2021.10/bin/../lib/gcc/arm-none-eabi/10.3.1/../../../../arm-none-eabi/lib/thumb/v7e-m+fp/hard/libc.a(lib_a-memset.o)
 .bss           0x0000000020000008        0x0 /usr/share/gcc-arm-none-eabi-10.3-2021.10/bin/../lib/gcc/arm-none-eabi/10.3.1/thumb/v7e-m+fp/hard/libgcc.a(_aeabi_uldivmod.o)
 .bss           0x0000000020000008        0x0 /usr/share/gcc-arm-none-eabi-10.3-2021.10/bin/../lib/gcc/arm-none-eabi/10.3.1/thumb/v7e-m+fp/hard/libgcc.a(_udivmoddi4.o)
 .bss           0x0000000020000008        0x0 /usr/share/gcc-arm-none-eabi-10.3-2021.10/bin/../lib/gcc/arm-none-eabi/10.3.1/thumb/v7e-m+fp/hard/libgcc.a(_dvmd_tls.o)
                0x0000000020000008                . = ALIGN (0x4)
 *(.bss)
 *(.bss*)
 .bss._ZN12_GLOBAL__N_113app_led_timerE
                0x0000000020000008        0x4 tmp/obj/app_led.o
 *fill*         0x000000002000000c        0x4 
 .bss._ZN12_GLOBAL__N_120mcal_gpt_system_tickE
                0x0000000020000010        0x8 tmp/obj/mcal_gpt.o
 .bss._ZZN12_GLOBAL__N_118gpt_is_initializedEvE7is_init
                0x0000000020000018        0x1 tmp/obj/mcal_gpt.o
 *fill*         0x0000000020000019        0x3 
 .bss._ZGVZN4mcal3led4led0EvE2l0
                0x000000002000001c        0x4 tmp/obj/mcal_led.o
 .bss._ZZN4mcal3led4led0EvE2l0
                0x0000000020000020        0x8 tmp/obj/mcal_led.o
 .bss._ZGVZN4mcal3pwm4pwm0EvE10init_is_ok
                0x0000000020000028        0x4 tmp/obj/mcal_pwm.o
 .bss._ZGVZN4mcal3pwm4pwm0EvE3pwm
                0x000000002000002c        0x4 tmp/obj/mcal_pwm.o
 .bss._ZZN4mcal3pwm4pwm0EvE10init_is_ok
                0x0000000020000030        0x1 tmp/obj/mcal_pwm.o
 *fill*         0x0000000020000031        0x3 
 .bss._ZZN4mcal3pwm4pwm0EvE3pwm
                0x0000000020000034        0x8 tmp/obj/mcal_pwm.o
 .bss._ZGVZN4mcal3spi4spi0EvE3com
                0x000000002000003c        0x4 tmp/obj/mcal_spi.o
 .bss._ZZN4mcal3spi4spi0EvE3com
                0x0000000020000040        0x8 tmp/obj/mcal_spi.o
 .bss._ZN12_GLOBAL__N_112os_task_listE
                0x0000000020000048       0x3c tmp/obj/os.o
 .bss._ZN12_GLOBAL__N_113os_task_indexE
                0x0000000020000084        0x4 tmp/obj/os.o
 .bss._ZZnwjE6buffer
                0x0000000020000088        0x8 tmp/obj/mcal_gcc_cxx_completion.o
 .bss.__errno   0x0000000020000090        0x4 tmp/obj/mcal_gcc_cxx_completion.o
                0x0000000020000090                __errno
 .bss.__fdlib_version
                0x0000000020000094        0x1 tmp/obj/mcal_gcc_cxx_completion.o
                0x0000000020000094                __fdlib_version
                0x0000000020000098                . = ALIGN (0x4)
 *fill*         0x0000000020000095        0x3 
 *(.bss*)
                0x0000000020000098                _bss_end = .
                [!provide]                        PROVIDE (end = .)
                [!provide]                        PROVIDE (_fini = .)
                0x0000000008000cfc                _rom_data_begin = LOADADDR (.data)
OUTPUT(bin/ref_app.elf elf32-littlearm)
LOAD linker stubs

.debug_info     0x0000000000000000    0x2f20f
 .debug_info    0x0000000000000000     0x17bd tmp/obj/app_benchmark.o
 .debug_info    0x00000000000017bd     0x1361 tmp/obj/app_benchmark_boost_math_cbrt_tgamma.o
 .debug_info    0x0000000000002b1e     0x100c tmp/obj/app_benchmark_boost_multiprecision_cbrt.o
 .debug_info    0x0000000000003b2a      0x36c tmp/obj/app_benchmark_crc.o
 .debug_info    0x0000000000003e96      0x36c tmp/obj/app_benchmark_filter.o
 .debug_info    0x0000000000004202      0x36c tmp/obj/app_benchmark_hash.o
 .debug_info    0x000000000000456e       0x7d tmp/obj/app_benchmark_none.o
 .debug_info    0x00000000000045eb     0x1305 tmp/obj/app_benchmark_pi_agm.o
 .debug_info    0x00000000000058f0      0x42a tmp/obj/app_benchmark_pi_spigot.o
 .debug_info    0x0000000000005d1a      0x42a tmp/obj/app_benchmark_pi_spigot_single.o
 .debug_info    0x0000000000006144      0x36c tmp/obj/app_benchmark_soft_double_h2f1.o
 .debug_info    0x00000000000064b0     0x1305 tmp/obj/app_benchmark_wide_decimal.o
 .debug_info    0x00000000000077b5     0x39bb tmp/obj/app_led.o
 .debug_info    0x000000000000b170     0x1ac1 tmp/obj/mcal_cpu.o
 .debug_info    0x000000000000cc31      0x435 tmp/obj/mcal_eep.o
 .debug_info    0x000000000000d066     0x3cc1 tmp/obj/mcal_gpt.o
 .debug_info    0x0000000000010d27       0xb1 tmp/obj/mcal_irq.o
 .debug_info    0x0000000000010dd8     0x1f24 tmp/obj/mcal_led.o
 .debug_info    0x0000000000012cfc     0x1f8f tmp/obj/mcal_osc.o
 .debug_info    0x0000000000014c8b      0xa5b tmp/obj/mcal_pwm.o
 .debug_info    0x00000000000156e6     0x114e tmp/obj/mcal_port.o
 .debug_info    0x0000000000016834      0xe31 tmp/obj/mcal_spi.o
 .debug_info    0x0000000000017665     0x166a tmp/obj/mcal_wdg.o
 .debug_info    0x0000000000018ccf     0x3686 tmp/obj/mcal.o
 .debug_info    0x000000000001c355     0x3d3e tmp/obj/os.o
 .debug_info    0x0000000000020093     0x2d6e tmp/obj/os_task_control_block.o
 .debug_info    0x0000000000022e01       0xbc tmp/obj/sys_idle.o
 .debug_info    0x0000000000022ebd       0x7c tmp/obj/sys_mon.o
 .debug_info    0x0000000000022f39     0x358c tmp/obj/sys_start.o
 .debug_info    0x00000000000264c5     0x3401 tmp/obj/mcal_gcc_cxx_completion.o
 .debug_info    0x00000000000298c6      0xa43 tmp/obj/mcal_osc_detail.o
 .debug_info    0x000000000002a309     0x3596 tmp/obj/crt0.o
 .debug_info    0x000000000002d89f      0x67a tmp/obj/crt0_init_ram.o
 .debug_info    0x000000000002df19      0x811 tmp/obj/crt1.o
 .debug_info    0x000000000002e72a      0xae5 tmp/obj/int_vect.o

.debug_abbrev   0x0000000000000000     0x4fef
 .debug_abbrev  0x0000000000000000      0x2a2 tmp/obj/app_benchmark.o
 .debug_abbrev  0x00000000000002a2      0x12d tmp/obj/app_benchmark_boost_math_cbrt_tgamma.o
 .debug_abbrev  0x00000000000003cf       0xe1 tmp/obj/app_benchmark_boost_multiprecision_cbrt.o
 .debug_abbrev  0x00000000000004b0       0x4d tmp/obj/app_benchmark_crc.o
 .debug_abbrev  0x00000000000004fd       0x4d tmp/obj/app_benchmark_filter.o
 .debug_abbrev  0x000000000000054a       0x4d tmp/obj/app_benchmark_hash.o
 .debug_abbrev  0x0000000000000597       0x7b tmp/obj/app_benchmark_none.o
 .debug_abbrev  0x0000000000000612       0xe1 tmp/obj/app_benchmark_pi_agm.o
 .debug_abbrev  0x00000000000006f3       0xb1 tmp/obj/app_benchmark_pi_spigot.o
 .debug_abbrev  0x00000000000007a4       0xb1 tmp/obj/app_benchmark_pi_spigot_single.o
 .debug_abbrev  0x0000000000000855       0x4d tmp/obj/app_benchmark_soft_double_h2f1.o
 .debug_abbrev  0x00000000000008a2       0xe1 tmp/obj/app_benchmark_wide_decimal.o
 .debug_abbrev  0x0000000000000983      0x43e tmp/obj/app_led.o
 .debug_abbrev  0x0000000000000dc1      0x214 tmp/obj/mcal_cpu.o
 .debug_abbrev  0x0000000000000fd5       0xf2 tmp/obj/mcal_eep.o
 .debug_abbrev  0x00000000000010c7      0x423 tmp/obj/mcal_gpt.o
 .debug_abbrev  0x00000000000014ea       0xba tmp/obj/mcal_irq.o
 .debug_abbrev  0x00000000000015a4      0x50f tmp/obj/mcal_led.o
 .debug_abbrev  0x0000000000001ab3      0x3ff tmp/obj/mcal_osc.o
 .debug_abbrev  0x0000000000001eb2      0x40c tmp/obj/mcal_pwm.o
 .debug_abbrev  0x00000000000022be      0x187 tmp/obj/mcal_port.o
 .debug_abbrev  0x0000000000002445      0x48c tmp/obj/mcal_spi.o
 .debug_abbrev  0x00000000000028d1      0x235 tmp/obj/mcal_wdg.o
 .debug_abbrev  0x0000000000002b06      0x327 tmp/obj/mcal.o
 .debug_abbrev  0x0000000000002e2d      0x6fb tmp/obj/os.o
 .debug_abbrev  0x0000000000003528      0x3c5 tmp/obj/os_task_control_block.o
 .debug_abbrev  0x00000000000038ed       0xb7 tmp/obj/sys_idle.o
 .debug_abbrev  0x00000000000039a4       0x69 tmp/obj/sys_mon.o
 .debug_abbrev  0x0000000000003a0d      0x2b4 tmp/obj/sys_start.o
 .debug_abbrev  0x0000000000003cc1      0x61f tmp/obj/mcal_gcc_cxx_completion.o
 .debug_abbrev  0x00000000000042e0      0x2dc tmp/obj/mcal_osc_detail.o
 .debug_abbrev  0x00000000000045bc      0x2cc tmp/obj/crt0.o
 .debug_abbrev  0x0000000000004888      0x1fe tmp/obj/crt0_init_ram.o
 .debug_abbrev  0x0000000000004a86      0x31b tmp/obj/crt1.o
 .debug_abbrev  0x0000000000004da1      0x24e tmp/obj/int_vect.o

.debug_loc      0x0000000000000000     0x151a
 .debug_loc     0x0000000000000000       0x35 tmp/obj/app_benchmark.o
 .debug_loc     0x0000000000000035      0x100 tmp/obj/app_led.o
 .debug_loc     0x0000000000000135       0x2c tmp/obj/mcal_cpu.o
 .debug_loc     0x0000000000000161       0x25 tmp/obj/mcal_eep.o
 .debug_loc     0x0000000000000186      0x1bd tmp/obj/mcal_gpt.o
 .debug_loc     0x0000000000000343      0x223 tmp/obj/mcal_led.o
 .debug_loc     0x0000000000000566      0x1be tmp/obj/mcal_osc.o
 .debug_loc     0x0000000000000724      0x12e tmp/obj/mcal_pwm.o
 .debug_loc     0x0000000000000852      0x1d6 tmp/obj/mcal_spi.o
 .debug_loc     0x0000000000000a28       0x2c tmp/obj/mcal_wdg.o
 .debug_loc     0x0000000000000a54       0x2c tmp/obj/mcal.o
 .debug_loc     0x0000000000000a80      0x535 tmp/obj/os.o
 .debug_loc     0x0000000000000fb5       0xee tmp/obj/os_task_control_block.o
 .debug_loc     0x00000000000010a3       0x20 tmp/obj/sys_start.o
 .debug_loc     0x00000000000010c3      0x116 tmp/obj/mcal_gcc_cxx_completion.o
 .debug_loc     0x00000000000011d9      0x246 tmp/obj/mcal_osc_detail.o
 .debug_loc     0x000000000000141f       0x20 tmp/obj/crt0.o
 .debug_loc     0x000000000000143f       0x2c tmp/obj/crt0_init_ram.o
 .debug_loc     0x000000000000146b       0xaf tmp/obj/crt1.o

.debug_aranges  0x0000000000000000      0x5f0
 .debug_aranges
                0x0000000000000000       0x28 tmp/obj/app_benchmark.o
 .debug_aranges
                0x0000000000000028       0x18 tmp/obj/app_benchmark_boost_math_cbrt_tgamma.o
 .debug_aranges
                0x0000000000000040       0x18 tmp/obj/app_benchmark_boost_multiprecision_cbrt.o
 .debug_aranges
                0x0000000000000058       0x18 tmp/obj/app_benchmark_crc.o
 .debug_aranges
                0x0000000000000070       0x18 tmp/obj/app_benchmark_filter.o
 .debug_aranges
                0x0000000000000088       0x18 tmp/obj/app_benchmark_hash.o
 .debug_aranges
                0x00000000000000a0       0x20 tmp/obj/app_benchmark_none.o
 .debug_aranges
                0x00000000000000c0       0x18 tmp/obj/app_benchmark_pi_agm.o
 .debug_aranges
                0x00000000000000d8       0x18 tmp/obj/app_benchmark_pi_spigot.o
 .debug_aranges
                0x00000000000000f0       0x18 tmp/obj/app_benchmark_pi_spigot_single.o
 .debug_aranges
                0x0000000000000108       0x18 tmp/obj/app_benchmark_soft_double_h2f1.o
 .debug_aranges
                0x0000000000000120       0x18 tmp/obj/app_benchmark_wide_decimal.o
 .debug_aranges
                0x0000000000000138       0x30 tmp/obj/app_led.o
 .debug_aranges
                0x0000000000000168       0x20 tmp/obj/mcal_cpu.o
 .debug_aranges
                0x0000000000000188       0x28 tmp/obj/mcal_eep.o
 .debug_aranges
                0x00000000000001b0       0x38 tmp/obj/mcal_gpt.o
 .debug_aranges
                0x00000000000001e8       0x20 tmp/obj/mcal_irq.o
 .debug_aranges
                0x0000000000000208       0x48 tmp/obj/mcal_led.o
 .debug_aranges
                0x0000000000000250       0x20 tmp/obj/mcal_osc.o
 .debug_aranges
                0x0000000000000270       0x48 tmp/obj/mcal_pwm.o
 .debug_aranges
                0x00000000000002b8       0x20 tmp/obj/mcal_port.o
 .debug_aranges
                0x00000000000002d8       0x68 tmp/obj/mcal_spi.o
 .debug_aranges
                0x0000000000000340       0x28 tmp/obj/mcal_wdg.o
 .debug_aranges
                0x0000000000000368       0x20 tmp/obj/mcal.o
 .debug_aranges
                0x0000000000000388       0x40 tmp/obj/os.o
 .debug_aranges
                0x00000000000003c8       0x20 tmp/obj/os_task_control_block.o
 .debug_aranges
                0x00000000000003e8       0x28 tmp/obj/sys_idle.o
 .debug_aranges
                0x0000000000000410       0x20 tmp/obj/sys_mon.o
 .debug_aranges
                0x0000000000000430       0x20 tmp/obj/sys_start.o
 .debug_aranges
                0x0000000000000450       0xb8 tmp/obj/mcal_gcc_cxx_completion.o
 .debug_aranges
                0x0000000000000508       0x28 tmp/obj/mcal_osc_detail.o
 .debug_aranges
                0x0000000000000530       0x20 tmp/obj/crt0.o
 .debug_aranges
                0x0000000000000550       0x20 tmp/obj/crt0_init_ram.o
 .debug_aranges
                0x0000000000000570       0x20 tmp/obj/crt1.o
 .debug_aranges
                0x0000000000000590       0x60 tmp/obj/int_vect.o

.debug_ranges   0x0000000000000000      0x928
 .debug_ranges  0x0000000000000000       0x30 tmp/obj/app_benchmark.o
 .debug_ranges  0x0000000000000030       0x10 tmp/obj/app_benchmark_none.o
 .debug_ranges  0x0000000000000040       0x98 tmp/obj/app_led.o
 .debug_ranges  0x00000000000000d8       0x88 tmp/obj/mcal_cpu.o
 .debug_ranges  0x0000000000000160       0x18 tmp/obj/mcal_eep.o
 .debug_ranges  0x0000000000000178       0x90 tmp/obj/mcal_gpt.o
 .debug_ranges  0x0000000000000208       0x10 tmp/obj/mcal_irq.o
 .debug_ranges  0x0000000000000218       0x98 tmp/obj/mcal_led.o
 .debug_ranges  0x00000000000002b0      0x138 tmp/obj/mcal_osc.o
 .debug_ranges  0x00000000000003e8       0x68 tmp/obj/mcal_pwm.o
 .debug_ranges  0x0000000000000450       0x10 tmp/obj/mcal_port.o
 .debug_ranges  0x0000000000000460       0x88 tmp/obj/mcal_spi.o
 .debug_ranges  0x00000000000004e8       0x30 tmp/obj/mcal_wdg.o
 .debug_ranges  0x0000000000000518       0x10 tmp/obj/mcal.o
 .debug_ranges  0x0000000000000528      0x1b0 tmp/obj/os.o
 .debug_ranges  0x00000000000006d8       0x10 tmp/obj/os_task_control_block.o
 .debug_ranges  0x00000000000006e8       0x18 tmp/obj/sys_idle.o
 .debug_ranges  0x0000000000000700       0x10 tmp/obj/sys_mon.o
 .debug_ranges  0x0000000000000710       0x10 tmp/obj/sys_start.o
 .debug_ranges  0x0000000000000720       0xa8 tmp/obj/mcal_gcc_cxx_completion.o
 .debug_ranges  0x00000000000007c8       0x98 tmp/obj/mcal_osc_detail.o
 .debug_ranges  0x0000000000000860       0x10 tmp/obj/crt0.o
 .debug_ranges  0x0000000000000870       0x40 tmp/obj/crt0_init_ram.o
 .debug_ranges  0x00000000000008b0       0x28 tmp/obj/crt1.o
 .debug_ranges  0x00000000000008d8       0x50 tmp/obj/int_vect.o

.debug_line     0x0000000000000000     0x541b
 .debug_line    0x0000000000000000      0x32d tmp/obj/app_benchmark.o
 .debug_line    0x000000000000032d      0x1d9 tmp/obj/app_benchmark_boost_math_cbrt_tgamma.o
 .debug_line    0x0000000000000506       0xb2 tmp/obj/app_benchmark_boost_multiprecision_cbrt.o
 .debug_line    0x00000000000005b8        0x0 tmp/obj/app_benchmark_complex.o
 .debug_line    0x00000000000005b8      0x13c tmp/obj/app_benchmark_crc.o
 .debug_line    0x00000000000006f4        0x0 tmp/obj/app_benchmark_fast_math.o
 .debug_line    0x00000000000006f4      0x13c tmp/obj/app_benchmark_filter.o
 .debug_line    0x0000000000000830        0x0 tmp/obj/app_benchmark_fixed_point.o
 .debug_line    0x0000000000000830        0x0 tmp/obj/app_benchmark_float.o
 .debug_line    0x0000000000000830      0x13c tmp/obj/app_benchmark_hash.o
 .debug_line    0x000000000000096c       0x75 tmp/obj/app_benchmark_none.o
 .debug_line    0x00000000000009e1      0x1b6 tmp/obj/app_benchmark_pi_agm.o
 .debug_line    0x0000000000000b97      0x1c5 tmp/obj/app_benchmark_pi_spigot.o
 .debug_line    0x0000000000000d5c      0x1c5 tmp/obj/app_benchmark_pi_spigot_single.o
 .debug_line    0x0000000000000f21      0x13c tmp/obj/app_benchmark_soft_double_h2f1.o
 .debug_line    0x000000000000105d        0x0 tmp/obj/app_benchmark_trapezoid_integral.o
 .debug_line    0x000000000000105d      0x1b6 tmp/obj/app_benchmark_wide_decimal.o
 .debug_line    0x0000000000001213        0x0 tmp/obj/app_benchmark_wide_integer.o
 .debug_line    0x0000000000001213      0x373 tmp/obj/app_led.o
 .debug_line    0x0000000000001586      0x33f tmp/obj/mcal_cpu.o
 .debug_line    0x00000000000018c5      0x19e tmp/obj/mcal_eep.o
 .debug_line    0x0000000000001a63      0x3b7 tmp/obj/mcal_gpt.o
 .debug_line    0x0000000000001e1a       0x70 tmp/obj/mcal_irq.o
 .debug_line    0x0000000000001e8a      0x39b tmp/obj/mcal_led.o
 .debug_line    0x0000000000002225      0x484 tmp/obj/mcal_osc.o
 .debug_line    0x00000000000026a9      0x2cb tmp/obj/mcal_pwm.o
 .debug_line    0x0000000000002974      0x1cb tmp/obj/mcal_port.o
 .debug_line    0x0000000000002b3f      0x3d5 tmp/obj/mcal_spi.o
 .debug_line    0x0000000000002f14      0x24e tmp/obj/mcal_wdg.o
 .debug_line    0x0000000000003162      0x2f1 tmp/obj/mcal.o
 .debug_line    0x0000000000003453      0x5d0 tmp/obj/os.o
 .debug_line    0x0000000000003a23      0x2f7 tmp/obj/os_task_control_block.o
 .debug_line    0x0000000000003d1a       0x88 tmp/obj/sys_idle.o
 .debug_line    0x0000000000003da2       0x4b tmp/obj/sys_mon.o
 .debug_line    0x0000000000003ded      0x2f5 tmp/obj/sys_start.o
 .debug_line    0x00000000000040e2      0x4e0 tmp/obj/mcal_gcc_cxx_completion.o
 .debug_line    0x00000000000045c2      0x3b1 tmp/obj/mcal_osc_detail.o
 .debug_line    0x0000000000004973      0x307 tmp/obj/crt0.o
 .debug_line    0x0000000000004c7a      0x258 tmp/obj/crt0_init_ram.o
 .debug_line    0x0000000000004ed2      0x175 tmp/obj/crt1.o
 .debug_line    0x0000000000005047      0x3d4 tmp/obj/int_vect.o

.debug_str      0x0000000000000000     0xef77
 .debug_str     0x0000000000000000     0x1aa5 tmp/obj/app_benchmark.o
                                       0x1c13 (size before relaxing)
 .debug_str     0x0000000000001aa5      0x486 tmp/obj/app_benchmark_boost_math_cbrt_tgamma.o
                                        0x9a4 (size before relaxing)
 .debug_str     0x0000000000001f2b       0x3e tmp/obj/app_benchmark_boost_multiprecision_cbrt.o
                                        0x716 (size before relaxing)
 .debug_str     0x0000000000001f69       0x2c tmp/obj/app_benchmark_complex.o
                                        0x20d (size before relaxing)
 .debug_str     0x0000000000001f95       0x28 tmp/obj/app_benchmark_crc.o
                                        0x4bf (size before relaxing)
 .debug_str     0x0000000000001fbd       0x2e tmp/obj/app_benchmark_fast_math.o
                                        0x20f (size before relaxing)
 .debug_str     0x0000000000001feb       0x2b tmp/obj/app_benchmark_filter.o
                                        0x4c2 (size before relaxing)
 .debug_str     0x0000000000002016       0x30 tmp/obj/app_benchmark_fixed_point.o
                                        0x211 (size before relaxing)
 .debug_str     0x0000000000002046       0x2a tmp/obj/app_benchmark_float.o
                                        0x20b (size before relaxing)
 .debug_str     0x0000000000002070       0x29 tmp/obj/app_benchmark_hash.o
                                        0x4c0 (size before relaxing)
 .debug_str     0x0000000000002099       0x29 tmp/obj/app_benchmark_none.o
                                        0x24c (size before relaxing)
 .debug_str     0x00000000000020c2       0x2b tmp/obj/app_benchmark_pi_agm.o
                                        0x930 (size before relaxing)
 .debug_str     0x00000000000020ed       0x2e tmp/obj/app_benchmark_pi_spigot.o
                                        0x574 (size before relaxing)
 .debug_str     0x000000000000211b       0x35 tmp/obj/app_benchmark_pi_spigot_single.o
                                        0x57b (size before relaxing)
 .debug_str     0x0000000000002150       0x35 tmp/obj/app_benchmark_soft_double_h2f1.o
                                        0x4cc (size before relaxing)
 .debug_str     0x0000000000002185       0x37 tmp/obj/app_benchmark_trapezoid_integral.o
                                        0x218 (size before relaxing)
 .debug_str     0x00000000000021bc       0x31 tmp/obj/app_benchmark_wide_decimal.o
                                        0x936 (size before relaxing)
 .debug_str     0x00000000000021ed       0x31 tmp/obj/app_benchmark_wide_integer.o
                                        0x212 (size before relaxing)
 .debug_str     0x000000000000221e     0x3539 tmp/obj/app_led.o
                                       0x40ea (size before relaxing)
 .debug_str     0x0000000000005757     0x1b18 tmp/obj/mcal_cpu.o
                                       0x2694 (size before relaxing)
 .debug_str     0x000000000000726f       0x4f tmp/obj/mcal_eep.o
                                        0x508 (size before relaxing)
 .debug_str     0x00000000000072be     0x1038 tmp/obj/mcal_gpt.o
                                       0x4d9c (size before relaxing)
 .debug_str     0x00000000000082f6       0x5c tmp/obj/mcal_irq.o
                                        0x253 (size before relaxing)
 .debug_str     0x0000000000008352     0x155d tmp/obj/mcal_led.o
                                       0x21cd (size before relaxing)
 .debug_str     0x00000000000098af     0x153b tmp/obj/mcal_osc.o
                                       0x257c (size before relaxing)
 .debug_str     0x000000000000adea      0x26e tmp/obj/mcal_pwm.o
                                        0x8fe (size before relaxing)
 .debug_str     0x000000000000b058      0x2b5 tmp/obj/mcal_port.o
                                        0xdcf (size before relaxing)
 .debug_str     0x000000000000b30d      0x555 tmp/obj/mcal_spi.o
                                        0xcd8 (size before relaxing)
 .debug_str     0x000000000000b862      0xfd5 tmp/obj/mcal_wdg.o
                                       0x1b07 (size before relaxing)
 .debug_str     0x000000000000c837       0x87 tmp/obj/mcal.o
                                       0x3dc0 (size before relaxing)
 .debug_str     0x000000000000c8be      0xdfb tmp/obj/os.o
                                       0x4760 (size before relaxing)
 .debug_str     0x000000000000d6b9       0x4d tmp/obj/os_task_control_block.o
                                       0x3b3c (size before relaxing)
 .debug_str     0x000000000000d706       0x51 tmp/obj/sys_idle.o
                                        0x278 (size before relaxing)
 .debug_str     0x000000000000d757       0x48 tmp/obj/sys_mon.o
                                        0x23d (size before relaxing)
 .debug_str     0x000000000000d79f       0x21 tmp/obj/sys_start.o
                                       0x3d63 (size before relaxing)
 .debug_str     0x000000000000d7c0      0xaeb tmp/obj/mcal_gcc_cxx_completion.o
                                       0x4292 (size before relaxing)
 .debug_str     0x000000000000e2ab      0x120 tmp/obj/mcal_osc_detail.o
                                        0xb00 (size before relaxing)
 .debug_str     0x000000000000e3cb       0x36 tmp/obj/crt0.o
                                       0x3d75 (size before relaxing)
 .debug_str     0x000000000000e401      0x1b0 tmp/obj/crt0_init_ram.o
                                        0x749 (size before relaxing)
 .debug_str     0x000000000000e5b1      0x4f7 tmp/obj/crt1.o
                                        0x930 (size before relaxing)
 .debug_str     0x000000000000eaa8      0x4cf tmp/obj/int_vect.o
                                        0xb57 (size before relaxing)

.comment        0x0000000000000000       0x49
 .comment       0x0000000000000000       0x49 tmp/obj/app_benchmark.o
                                         0x4a (size before relaxing)
 .comment       0x0000000000000049       0x4a tmp/obj/app_benchmark_boost_math_cbrt_tgamma.o
 .comment       0x0000000000000049       0x4a tmp/obj/app_benchmark_boost_multiprecision_cbrt.o
 .comment       0x0000000000000049       0x4a tmp/obj/app_benchmark_complex.o
 .comment       0x0000000000000049       0x4a tmp/obj/app_benchmark_crc.o
 .comment       0x0000000000000049       0x4a tmp/obj/app_benchmark_fast_math.o
 .comment       0x0000000000000049       0x4a tmp/obj/app_benchmark_filter.o
 .comment       0x0000000000000049       0x4a tmp/obj/app_benchmark_fixed_point.o
 .comment       0x0000000000000049       0x4a tmp/obj/app_benchmark_float.o
 .comment       0x0000000000000049       0x4a tmp/obj/app_benchmark_hash.o
 .comment       0x0000000000000049       0x4a tmp/obj/app_benchmark_none.o
 .comment       0x0000000000000049       0x4a tmp/obj/app_benchmark_pi_agm.o
 .comment       0x0000000000000049       0x4a tmp/obj/app_benchmark_pi_spigot.o
 .comment       0x0000000000000049       0x4a tmp/obj/app_benchmark_pi_spigot_single.o
 .comment       0x0000000000000049       0x4a tmp/obj/app_benchmark_soft_double_h2f1.o
 .comment       0x0000000000000049       0x4a tmp/obj/app_benchmark_trapezoid_integral.o
 .comment       0x0000000000000049       0x4a tmp/obj/app_benchmark_wide_decimal.o
 .comment       0x0000000000000049       0x4a tmp/obj/app_benchmark_wide_integer.o
 .comment       0x0000000000000049       0x4a tmp/obj/app_led.o
 .comment       0x0000000000000049       0x4a tmp/obj/mcal_cpu.o
 .comment       0x0000000000000049       0x4a tmp/obj/mcal_eep.o
 .comment       0x0000000000000049       0x4a tmp/obj/mcal_gpt.o
 .comment       0x0000000000000049       0x4a tmp/obj/mcal_irq.o
 .comment       0x0000000000000049       0x4a tmp/obj/mcal_led.o
 .comment       0x0000000000000049       0x4a tmp/obj/mcal_osc.o
 .comment       0x0000000000000049       0x4a tmp/obj/mcal_pwm.o
 .comment       0x0000000000000049       0x4a tmp/obj/mcal_port.o
 .comment       0x0000000000000049       0x4a tmp/obj/mcal_spi.o
 .comment       0x0000000000000049       0x4a tmp/obj/mcal_wdg.o
 .comment       0x0000000000000049       0x4a tmp/obj/mcal.o
 .comment       0x0000000000000049       0x4a tmp/obj/os.o
 .comment       0x0000000000000049       0x4a tmp/obj/os_task_control_block.o
 .comment       0x0000000000000049       0x4a tmp/obj/sys_idle.o
 .comment       0x0000000000000049       0x4a tmp/obj/sys_mon.o
 .comment       0x0000000000000049       0x4a tmp/obj/sys_start.o
 .comment       0x0000000000000049       0x4a tmp/obj/mcal_gcc_cxx_completion.o
 .comment       0x0000000000000049       0x4a tmp/obj/mcal_osc_detail.o
 .comment       0x0000000000000049       0x4a tmp/obj/crt0.o
 .comment       0x0000000000000049       0x4a tmp/obj/crt0_init_ram.o
 .comment       0x0000000000000049       0x4a tmp/obj/crt1.o
 .comment       0x0000000000000049       0x4a tmp/obj/int_vect.o

.debug_frame    0x0000000000000000      0x8cc
 .debug_frame   0x0000000000000000       0x38 tmp/obj/app_benchmark.o
 .debug_frame   0x0000000000000038       0x20 tmp/obj/app_benchmark_none.o
 .debug_frame   0x0000000000000058       0x64 tmp/obj/app_led.o
 .debug_frame   0x00000000000000bc       0x2c tmp/obj/mcal_cpu.o
 .debug_frame   0x00000000000000e8       0x30 tmp/obj/mcal_eep.o
 .debug_frame   0x0000000000000118       0x6c tmp/obj/mcal_gpt.o
 .debug_frame   0x0000000000000184       0x20 tmp/obj/mcal_irq.o
 .debug_frame   0x00000000000001a4       0x80 tmp/obj/mcal_led.o
 .debug_frame   0x0000000000000224       0x2c tmp/obj/mcal_osc.o
 .debug_frame   0x0000000000000250       0x80 tmp/obj/mcal_pwm.o
 .debug_frame   0x00000000000002d0       0x20 tmp/obj/mcal_port.o
 .debug_frame   0x00000000000002f0       0xc0 tmp/obj/mcal_spi.o
 .debug_frame   0x00000000000003b0       0x38 tmp/obj/mcal_wdg.o
 .debug_frame   0x00000000000003e8       0x2c tmp/obj/mcal.o
 .debug_frame   0x0000000000000414       0x90 tmp/obj/os.o
 .debug_frame   0x00000000000004a4       0x2c tmp/obj/os_task_control_block.o
 .debug_frame   0x00000000000004d0       0x30 tmp/obj/sys_idle.o
 .debug_frame   0x0000000000000500       0x30 tmp/obj/sys_mon.o
 .debug_frame   0x0000000000000530       0x28 tmp/obj/sys_start.o
 .debug_frame   0x0000000000000558      0x188 tmp/obj/mcal_gcc_cxx_completion.o
 .debug_frame   0x00000000000006e0       0x40 tmp/obj/mcal_osc_detail.o
 .debug_frame   0x0000000000000720       0x28 tmp/obj/crt0.o
 .debug_frame   0x0000000000000748       0x2c tmp/obj/crt0_init_ram.o
 .debug_frame   0x0000000000000774       0x2c tmp/obj/crt1.o
 .debug_frame   0x00000000000007a0       0xa0 tmp/obj/int_vect.o
 .debug_frame   0x0000000000000840       0x2c /usr/share/gcc-arm-none-eabi-10.3-2021.10/bin/../lib/gcc/arm-none-eabi/10.3.1/../../../../arm-none-eabi/lib/thumb/v7e-m+fp/hard/libc.a(lib_a-memset.o)
 .debug_frame   0x000000000000086c       0x2c /usr/share/gcc-arm-none-eabi-10.3-2021.10/bin/../lib/gcc/arm-none-eabi/10.3.1/thumb/v7e-m+fp/hard/libgcc.a(_aeabi_uldivmod.o)
 .debug_frame   0x0000000000000898       0x34 /usr/share/gcc-arm-none-eabi-10.3-2021.10/bin/../lib/gcc/arm-none-eabi/10.3.1/thumb/v7e-m+fp/hard/libgcc.a(_udivmoddi4.o)
